%!Adobe-FontList 1.18
%Locale:0x409

%BeginFont
Handler:DirectoryHandler
FontType:TrueType
FontName:OpenSans-Bold
FamilyName:Open Sans
StyleName:Bold
FullName:Open Sans Bold
MenuName:Open Sans
StyleBits:2
WritingScript:Roman
OutlineFileName:C:\Users\Silverglow\Desktop\CyberReef Style Guide Folder\Document fonts\OpenSans-Bold.ttf
DataFormat:sfntData
hasSVG:no
FileLength:224592
FileModTime:1484877750
WeightClass:700
WidthClass:5
AngleClass:0
NameArray:0,Mac,4,Open Sans Bold
NameArray:0,Win,1,Open Sans
%EndFont

%BeginFont
Handler:DirectoryHandler
FontType:TrueType
FontName:OpenSans-Italic
FamilyName:Open Sans
StyleName:Italic
FullName:Open Sans Italic
MenuName:Open Sans
StyleBits:1
WritingScript:Roman
OutlineFileName:C:\Users\Silverglow\Desktop\CyberReef Style Guide Folder\Document fonts\OpenSans-Italic.ttf
DataFormat:sfntData
hasSVG:no
FileLength:212896
FileModTime:1484877777
WeightClass:400
WidthClass:5
AngleClass:1
NameArray:0,Mac,4,Open Sans Italic
NameArray:0,Win,1,Open Sans
%EndFont

%BeginFont
Handler:DirectoryHandler
FontType:TrueType
FontName:OpenSans-Light
FamilyName:Open Sans
StyleName:Light
FullName:Open Sans Light
MenuName:Open Sans Light
StyleBits:0
WritingScript:Roman
OutlineFileName:C:\Users\Silverglow\Desktop\CyberReef Style Guide Folder\Document fonts\OpenSans-Light.ttf
DataFormat:sfntData
hasSVG:no
FileLength:222412
FileModTime:1484877784
WeightClass:300
WidthClass:5
AngleClass:0
NameArray:0,Mac,4,Open Sans Light
NameArray:0,Win,1,Open Sans Light
NameArray:0,Win,16,Open Sans
%EndFont

%BeginFont
Handler:DirectoryHandler
FontType:TrueType
FontName:OpenSansLight-Italic
FamilyName:Open Sans
StyleName:Light Italic
FullName:Open Sans Light Italic
MenuName:Open Sans Light
StyleBits:1
WritingScript:Roman
OutlineFileName:C:\Users\Silverglow\Desktop\CyberReef Style Guide Folder\Document fonts\OpenSans-LightItalic.ttf
DataFormat:sfntData
hasSVG:no
FileLength:213128
FileModTime:1484877791
WeightClass:300
WidthClass:5
AngleClass:1
NameArray:0,Mac,4,Open Sans Light Italic
NameArray:0,Win,1,Open Sans Light
NameArray:0,Win,16,Open Sans
%EndFont

%BeginFont
Handler:DirectoryHandler
FontType:TrueType
FontName:OpenSans
FamilyName:Open Sans
StyleName:Regular
FullName:Open Sans
MenuName:Open Sans
StyleBits:0
WritingScript:Roman
OutlineFileName:C:\Users\Silverglow\Desktop\CyberReef Style Guide Folder\Document fonts\OpenSans-Regular.ttf
DataFormat:sfntData
hasSVG:no
FileLength:217360
FileModTime:1484877797
WeightClass:400
WidthClass:5
AngleClass:0
NameArray:0,Mac,4,Open Sans
NameArray:0,Win,1,Open Sans
%EndFont

%BeginFont
Handler:DirectoryHandler
FontType:TrueType
FontName:Raleway-Black
FamilyName:Raleway
StyleName:Black
FullName:Raleway Black
MenuName:Raleway Black
StyleBits:0
WritingScript:Roman
OutlineFileName:C:\Users\Silverglow\Desktop\CyberReef Style Guide Folder\Document fonts\Raleway-Black.ttf
DataFormat:sfntData
hasSVG:no
FileLength:180592
FileModTime:1484880049
WeightClass:900
WidthClass:5
AngleClass:0
NameArray:0,Mac,4,Raleway Black
NameArray:0,Win,1,Raleway Black
NameArray:0,Win,16,Raleway
%EndFont

%BeginFont
Handler:DirectoryHandler
FontType:TrueType
FontName:Raleway-Bold
FamilyName:Raleway
StyleName:Bold
FullName:Raleway Bold
MenuName:Raleway
StyleBits:2
WritingScript:Roman
OutlineFileName:C:\Users\Silverglow\Desktop\CyberReef Style Guide Folder\Document fonts\Raleway-Bold.ttf
DataFormat:sfntData
hasSVG:no
FileLength:179244
FileModTime:1484880061
WeightClass:700
WidthClass:5
AngleClass:0
NameArray:0,Mac,4,Raleway Bold
NameArray:0,Win,1,Raleway
%EndFont

%BeginFont
Handler:DirectoryHandler
FontType:TrueType
FontName:Raleway-Italic
FamilyName:Raleway
StyleName:Italic
FullName:Raleway Italic
MenuName:Raleway
StyleBits:1
WritingScript:Roman
OutlineFileName:C:\Users\Silverglow\Desktop\CyberReef Style Guide Folder\Document fonts\Raleway-Italic.ttf
DataFormat:sfntData
hasSVG:no
FileLength:145920
FileModTime:1484880100
WeightClass:400
WidthClass:5
AngleClass:1
NameArray:0,Mac,4,Raleway Italic
NameArray:0,Win,1,Raleway
%EndFont

%BeginFont
Handler:DirectoryHandler
FontType:TrueType
FontName:Raleway-Light
FamilyName:Raleway
StyleName:Light
FullName:Raleway Light
MenuName:Raleway Light
StyleBits:0
WritingScript:Roman
OutlineFileName:C:\Users\Silverglow\Desktop\CyberReef Style Guide Folder\Document fonts\Raleway-Light.ttf
DataFormat:sfntData
hasSVG:no
FileLength:182376
FileModTime:1484880107
WeightClass:300
WidthClass:5
AngleClass:0
NameArray:0,Mac,4,Raleway Light
NameArray:0,Win,1,Raleway Light
NameArray:0,Win,16,Raleway
%EndFont

%BeginFont
Handler:DirectoryHandler
FontType:TrueType
FontName:Raleway-Regular
FamilyName:Raleway
StyleName:Regular
FullName:Raleway
MenuName:Raleway
StyleBits:0
WritingScript:Roman
OutlineFileName:C:\Users\Silverglow\Desktop\CyberReef Style Guide Folder\Document fonts\Raleway-Regular.ttf
DataFormat:sfntData
hasSVG:no
FileLength:178520
FileModTime:1484880131
WeightClass:400
WidthClass:5
AngleClass:0
NameArray:0,Mac,4,Raleway
NameArray:0,Win,1,Raleway
%EndFont

